[localhost_10010/index.html]
[backblue.gif]
[fade.gif]
[index.html]
[localhost_10010/index.html]
[localhost_10010/wp-content/uploads/2025/09/handshake2.webp]
[localhost_10010/wp-content/uploads/2025/09/getintouch.webp]
[localhost_10010/wp-content/themes/astra/assets/css/minified/main.min1415.css]
[localhost_10010/wp-content/plugins/elementor/assets/css/frontend.min20c8.css]
[localhost_10010/wp-content/plugins/elementor/assets/lib/font-awesome/css/all.min20c8.css]
[localhost_10010/wp-content/plugins/elementor/assets/lib/font-awesome/css/v4-shims.min20c8.css]
[localhost_10010/wp-content/plugins/elementor/assets/css/widget-spacer.min20c8.css]
[localhost_10010/wp-content/plugins/elementor/assets/css/widget-heading.min20c8.css]
[localhost_10010/wp-content/plugins/elementor/assets/css/widget-image.min20c8.css]
[localhost_10010/wp-content/plugins/elementor/assets/css/widget-divider.min20c8.css]
[localhost_10010/wp-content/plugins/elementor/assets/lib/font-awesome/js/v4-shims.min20c8.js]
[localhost_10010/wp-includes/js/jquery/jquery.minf43b.js]
[localhost_10010/wp-content/uploads/2025/09/cropped-novimetrix_bird_logo-60x60.webp]
[localhost_10010/wp-includes/js/jquery/jquery-migrate.min5589.js]
[localhost_10010/wp-content/uploads/2025/09/cropped-novimetrix_bird_logo-300x300.webp]
[localhost_10010/wp-content/uploads/elementor/thumbs/analyses-scaled-rbxytplsay9lqth3dkou6jkvji0hyhkxkifrirzqco.webp]
[localhost_10010/wp-content/uploads/elementor/thumbs/annotation_visual-rc5fmbpzlqtlqnnhquehl6metd7ojy2ibb12w6doh4.webp]
[localhost_10010/about/index.html]
[localhost_10010/about/index.html]
[localhost_10010/wp-content/uploads/elementor/thumbs/panel_transcription-rc5eq6mnwotmqoc8fg8qtslzk1mucjgxk7yd4k1b8o.webp]
[localhost_10010/wp-content/uploads/2025/09/iphone.webp]
[localhost_10010/services/index.html]
[localhost_10010/services/index.html]
[localhost_10010/contact/index.html]
[localhost_10010/contact/index.html]
[localhost_10010/wp-content/themes/astra/assets/js/minified/frontend.min1415.js]
[localhost_10010/wp-includes/js/dist/dom-ready.min5346.js]
[localhost_10010/wp-content/plugins/elementor/assets/lib/font-awesome/webfonts/fa-brands-400d41d.eot]
[localhost_10010/wp-content/plugins/elementor/assets/lib/font-awesome/webfonts/fa-brands-400.woff2]
[localhost_10010/wp-content/plugins/astra-sites/inc/lib/onboarding/assets/dist/template-preview/maina11c.js]
[localhost_10010/wp-content/plugins/elementor/assets/js/webpack.runtime.min20c8.js]
[localhost_10010/wp-content/plugins/elementor/assets/js/frontend-modules.min20c8.js]
[localhost_10010/wp-content/plugins/elementor/assets/lib/font-awesome/webfonts/fa-brands-400.woff]
[localhost_10010/wp-content/plugins/elementor/assets/lib/font-awesome/webfonts/fa-brands-400.ttf]
[localhost_10010/wp-content/plugins/elementor/assets/lib/font-awesome/webfonts/fa-regular-400.eot]
[localhost_10010/wp-includes/js/jquery/ui/core.minb37e.js]
[localhost_10010/wp-content/plugins/elementor/assets/lib/font-awesome/webfonts/fa-regular-400.woff2]
[localhost_10010/wp-content/plugins/elementor/assets/lib/font-awesome/webfonts/fa-regular-400.woff]
[localhost_10010/wp-content/plugins/elementor/assets/lib/font-awesome/webfonts/fa-regular-400d41d.eot]
[localhost_10010/wp-content/plugins/elementor/assets/lib/font-awesome/webfonts/fa-regular-400.ttf]
[localhost_10010/wp-content/plugins/elementor/assets/js/frontend.min20c8.js]
[localhost_10010/wp-content/plugins/elementor/assets/lib/font-awesome/webfonts/fa-solid-900.eot]
[localhost_10010/wp-content/plugins/elementor/assets/lib/font-awesome/webfonts/fa-solid-900d41d.eot]
[localhost_10010/wp-content/plugins/elementor/assets/lib/font-awesome/webfonts/fa-solid-900.woff2]
[localhost_10010/wp-content/plugins/elementor/assets/lib/font-awesome/webfonts/fa-brands-400.svg]
[localhost_10010/wp-content/plugins/elementor/assets/lib/font-awesome/webfonts/fa-solid-900.ttf]
[localhost_10010/wp-content/plugins/elementor/assets/lib/font-awesome/webfonts/fa-solid-900.woff]
[localhost_10010/wp-content/plugins/elementor/assets/lib/font-awesome/webfonts/fa-regular-400.svg]
[localhost_10010/wp-content/uploads/2025/09/f11-1024x571.webp]
[localhost_10010/wp-content/plugins/elementor/assets/lib/font-awesome/webfonts/fa-solid-900.svg]
[localhost_10010/Trident/index.html]
[localhost_10010/wp-content/uploads/elementor/thumbs/analyses2-rbxz53fbyg7idrjqh5sxdww2y4fj2025ob7lioahog.webp]
[localhost_10010/wp-content/plugins/elementor/assets/css/widget-menu-anchor.min20c8.css]
[localhost_10010/wp-content/uploads/elementor/thumbs/gpt-rbwc1q766203x3o1t3f1o8wmmvyd35k46tj70sk64g.webp]
[localhost_10010/wp-content/uploads/2025/09/transcription_3-1.webp]
[localhost_10010/wp-content/plugins/elementor/assets/css/widget-icon-box.min20c8.css]
[localhost_10010/wp-content/uploads/2025/09/contact1.webp]
[localhost_10010/wp-content/plugins/elementor/assets/lib/font-awesome/webfonts/fa-brands-400.eot]
[localhost_10010/OPR/index.html]
